// Jest Snapshot v1, https://goo.gl/fbAQLP

exports[`Dumb when \`text1\` and \`text2\` are present renders correctly 1`] = `
<div>
  <div>
    Text 1 is: 
    test-1
  </div>
  <div>
    Text 2 is: 
    test-2
  </div>
</div>
`;
